

================================================================
== Vivado HLS Report for 'spmv_kernel_Loop_1_p'
================================================================
* Date:           Sat May  8 21:32:31 2021

* Version:        2019.2 (Build 2704478 on Wed Nov 06 22:10:23 MST 2019)
* Project:        proj_spmv_fast_stream
* Solution:       solution1
* Product family: zynq
* Target device:  xc7z020-clg484-1


================================================================
== Performance Estimates
================================================================
+ Timing: 
    * Summary: 
    +--------+---------+----------+------------+
    |  Clock |  Target | Estimated| Uncertainty|
    +--------+---------+----------+------------+
    |ap_clk  | 5.00 ns | 3.254 ns |   0.62 ns  |
    +--------+---------+----------+------------+

+ Latency: 
    * Summary: 
    +---------+---------+-----------+-----------+------+------+---------+
    |  Latency (cycles) |   Latency (absolute)  |   Interval  | Pipeline|
    |   min   |   max   |    min    |    max    |  min |  max |   Type  |
    +---------+---------+-----------+-----------+------+------+---------+
    |     3280|     3280| 16.400 us | 16.400 us |  3280|  3280|   none  |
    +---------+---------+-----------+-----------+------+------+---------+

    + Detail: 
        * Instance: 
        N/A

        * Loop: 
        +----------+---------+---------+----------+-----------+-----------+------+----------+
        |          |  Latency (cycles) | Iteration|  Initiation Interval  | Trip |          |
        | Loop Name|   min   |   max   |  Latency |  achieved |   target  | Count| Pipelined|
        +----------+---------+---------+----------+-----------+-----------+------+----------+
        |- Loop 1  |     3278|     3278|         3|          1|          1|  3277|    yes   |
        +----------+---------+---------+----------+-----------+-----------+------+----------+



================================================================
== Utilization Estimates
================================================================
* Summary: 
+-----------------+---------+-------+--------+-------+-----+
|       Name      | BRAM_18K| DSP48E|   FF   |  LUT  | URAM|
+-----------------+---------+-------+--------+-------+-----+
|DSP              |        -|      -|       -|      -|    -|
|Expression       |        -|      -|       0|     35|    -|
|FIFO             |        -|      -|       -|      -|    -|
|Instance         |        -|      -|       -|      -|    -|
|Memory           |        -|      -|       -|      -|    -|
|Multiplexer      |        -|      -|       -|     84|    -|
|Register         |        -|      -|      85|      -|    -|
+-----------------+---------+-------+--------+-------+-----+
|Total            |        0|      0|      85|    119|    0|
+-----------------+---------+-------+--------+-------+-----+
|Available        |      280|    220|  106400|  53200|    0|
+-----------------+---------+-------+--------+-------+-----+
|Utilization (%)  |        0|      0|   ~0   |   ~0  |    0|
+-----------------+---------+-------+--------+-------+-----+

+ Detail: 
    * Instance: 
    N/A

    * DSP48E: 
    N/A

    * Memory: 
    N/A

    * FIFO: 
    N/A

    * Expression: 
    +----------------------------------+----------+-------+---+----+------------+------------+
    |           Variable Name          | Operation| DSP48E| FF| LUT| Bitwidth P0| Bitwidth P1|
    +----------------------------------+----------+-------+---+----+------------+------------+
    |i_fu_129_p2                       |     +    |      0|  0|  12|          12|           1|
    |ap_block_pp0_stage0_01001         |    and   |      0|  0|   2|           1|           1|
    |icmp_ln27_fu_123_p2               |   icmp   |      0|  0|  13|          12|          11|
    |ap_block_state1                   |    or    |      0|  0|   2|           1|           1|
    |ap_block_state4_pp0_stage0_iter2  |    or    |      0|  0|   2|           1|           1|
    |ap_enable_pp0                     |    xor   |      0|  0|   2|           1|           2|
    |ap_enable_reg_pp0_iter1           |    xor   |      0|  0|   2|           2|           1|
    +----------------------------------+----------+-------+---+----+------------+------------+
    |Total                             |          |      0|  0|  35|          30|          18|
    +----------------------------------+----------+-------+---+----+------------+------------+

    * Multiplexer: 
    +-------------------------+----+-----------+-----+-----------+
    |           Name          | LUT| Input Size| Bits| Total Bits|
    +-------------------------+----+-----------+-----+-----------+
    |ap_NS_fsm                |  21|          4|    1|          4|
    |ap_done                  |   9|          2|    1|          2|
    |ap_enable_reg_pp0_iter1  |   9|          2|    1|          2|
    |ap_enable_reg_pp0_iter2  |   9|          2|    1|          2|
    |cols_fifo_V_blk_n        |   9|          2|    1|          2|
    |i_0_i_i_i_i_reg_112      |   9|          2|   12|         24|
    |new_nnz_out_blk_n        |   9|          2|    1|          2|
    |values_fifo_V_blk_n      |   9|          2|    1|          2|
    +-------------------------+----+-----------+-----+-----------+
    |Total                    |  84|         18|   19|         40|
    +-------------------------+----+-----------+-----+-----------+

    * Register: 
    +---------------------------------+----+----+-----+-----------+
    |               Name              | FF | LUT| Bits| Const Bits|
    +---------------------------------+----+----+-----+-----------+
    |ap_CS_fsm                        |   3|   0|    3|          0|
    |ap_done_reg                      |   1|   0|    1|          0|
    |ap_enable_reg_pp0_iter0          |   1|   0|    1|          0|
    |ap_enable_reg_pp0_iter1          |   1|   0|    1|          0|
    |ap_enable_reg_pp0_iter2          |   1|   0|    1|          0|
    |i_0_i_i_i_i_reg_112              |  12|   0|   12|          0|
    |icmp_ln27_reg_141                |   1|   0|    1|          0|
    |icmp_ln27_reg_141_pp0_iter1_reg  |   1|   0|    1|          0|
    |tmp_20_reg_165                   |  32|   0|   32|          0|
    |tmp_reg_160                      |  32|   0|   32|          0|
    +---------------------------------+----+----+-----+-----------+
    |Total                            |  85|   0|   85|          0|
    +---------------------------------+----+----+-----+-----------+



================================================================
== Interface
================================================================
* Summary: 
+----------------------+-----+-----+------------+----------------------+--------------+
|       RTL Ports      | Dir | Bits|  Protocol  |     Source Object    |    C Type    |
+----------------------+-----+-----+------------+----------------------+--------------+
|ap_clk                |  in |    1| ap_ctrl_hs | spmv_kernel_Loop_1_p | return value |
|ap_rst                |  in |    1| ap_ctrl_hs | spmv_kernel_Loop_1_p | return value |
|ap_start              |  in |    1| ap_ctrl_hs | spmv_kernel_Loop_1_p | return value |
|ap_done               | out |    1| ap_ctrl_hs | spmv_kernel_Loop_1_p | return value |
|ap_continue           |  in |    1| ap_ctrl_hs | spmv_kernel_Loop_1_p | return value |
|ap_idle               | out |    1| ap_ctrl_hs | spmv_kernel_Loop_1_p | return value |
|ap_ready              | out |    1| ap_ctrl_hs | spmv_kernel_Loop_1_p | return value |
|values_address0       | out |   12|  ap_memory |        values        |     array    |
|values_ce0            | out |    1|  ap_memory |        values        |     array    |
|values_q0             |  in |   32|  ap_memory |        values        |     array    |
|values_fifo_V_din     | out |   32|   ap_fifo  |     values_fifo_V    |    pointer   |
|values_fifo_V_full_n  |  in |    1|   ap_fifo  |     values_fifo_V    |    pointer   |
|values_fifo_V_write   | out |    1|   ap_fifo  |     values_fifo_V    |    pointer   |
|cols_address0         | out |   12|  ap_memory |         cols         |     array    |
|cols_ce0              | out |    1|  ap_memory |         cols         |     array    |
|cols_q0               |  in |   32|  ap_memory |         cols         |     array    |
|cols_fifo_V_din       | out |   32|   ap_fifo  |      cols_fifo_V     |    pointer   |
|cols_fifo_V_full_n    |  in |    1|   ap_fifo  |      cols_fifo_V     |    pointer   |
|cols_fifo_V_write     | out |    1|   ap_fifo  |      cols_fifo_V     |    pointer   |
|new_nnz               |  in |   32|   ap_none  |        new_nnz       |    scalar    |
|new_nnz_out_din       | out |   32|   ap_fifo  |      new_nnz_out     |    pointer   |
|new_nnz_out_full_n    |  in |    1|   ap_fifo  |      new_nnz_out     |    pointer   |
|new_nnz_out_write     | out |    1|   ap_fifo  |      new_nnz_out     |    pointer   |
+----------------------+-----+-----+------------+----------------------+--------------+

