

================================================================
== Vivado HLS Report for 'spmv'
================================================================
* Date:           Sat May  8 21:39:13 2021

* Version:        2019.2 (Build 2704478 on Wed Nov 06 22:10:23 MST 2019)
* Project:        proj_spmv_naive_stream
* Solution:       solution1
* Product family: zynq
* Target device:  xc7z020-clg484-1


================================================================
== Performance Estimates
================================================================
+ Timing: 
    * Summary: 
    +--------+---------+----------+------------+
    |  Clock |  Target | Estimated| Uncertainty|
    +--------+---------+----------+------------+
    |ap_clk  | 5.00 ns | 4.353 ns |   0.62 ns  |
    +--------+---------+----------+------------+

+ Latency: 
    * Summary: 
    +---------+---------+----------+----------+-------+-------+---------+
    |  Latency (cycles) |  Latency (absolute) |    Interval   | Pipeline|
    |   min   |   max   |    min   |    max   |  min  |  max  |   Type  |
    +---------+---------+----------+----------+-------+-------+---------+
    |    30026|    30026| 0.150 ms | 0.150 ms |  30026|  30026|   none  |
    +---------+---------+----------+----------+-------+-------+---------+

    + Detail: 
        * Instance: 
        +------------------------+-------------+---------+---------+----------+----------+-------+-------+----------+
        |                        |             |  Latency (cycles) |  Latency (absolute) |    Interval   | Pipeline |
        |        Instance        |    Module   |   min   |   max   |    min   |    max   |  min  |  max  |   Type   |
        +------------------------+-------------+---------+---------+----------+----------+-------+-------+----------+
        |grp_spmv_kernel_fu_130  |spmv_kernel  |    29508|    29508| 0.148 ms | 0.148 ms |  29505|  29505| dataflow |
        +------------------------+-------------+---------+---------+----------+----------+-------+-------+----------+

        * Loop: 
        +----------------------+---------+---------+----------+-----------+-----------+------+----------+
        |                      |  Latency (cycles) | Iteration|  Initiation Interval  | Trip |          |
        |       Loop Name      |   min   |   max   |  Latency |  achieved |   target  | Count| Pipelined|
        +----------------------+---------+---------+----------+-----------+-----------+------+----------+
        |- memset_rows_length  |      255|      255|         1|          -|          -|   256|    no    |
        |- Loop 2              |      259|      259|         5|          1|          1|   256|    yes   |
        +----------------------+---------+---------+----------+-----------+-----------+------+----------+



================================================================
== Utilization Estimates
================================================================
* Summary: 
+-----------------+---------+-------+--------+-------+-----+
|       Name      | BRAM_18K| DSP48E|   FF   |  LUT  | URAM|
+-----------------+---------+-------+--------+-------+-----+
|DSP              |        -|      -|       -|      -|    -|
|Expression       |        -|      -|       0|    116|    -|
|FIFO             |        -|      -|       -|      -|    -|
|Instance         |        0|      5|    1071|   1672|    -|
|Memory           |        1|      -|       0|      0|    0|
|Multiplexer      |        -|      -|       -|    129|    -|
|Register         |        0|      -|     282|     64|    -|
+-----------------+---------+-------+--------+-------+-----+
|Total            |        1|      5|    1353|   1981|    0|
+-----------------+---------+-------+--------+-------+-----+
|Available        |      280|    220|  106400|  53200|    0|
+-----------------+---------+-------+--------+-------+-----+
|Utilization (%)  |    ~0   |      2|       1|      3|    0|
+-----------------+---------+-------+--------+-------+-----+

+ Detail: 
    * Instance: 
    +------------------------+-------------+---------+-------+------+------+-----+
    |        Instance        |    Module   | BRAM_18K| DSP48E|  FF  |  LUT | URAM|
    +------------------------+-------------+---------+-------+------+------+-----+
    |grp_spmv_kernel_fu_130  |spmv_kernel  |        0|      5|  1071|  1672|    0|
    +------------------------+-------------+---------+-------+------+------+-----+
    |Total                   |             |        0|      5|  1071|  1672|    0|
    +------------------------+-------------+---------+-------+------+------+-----+

    * DSP48E: 
    N/A

    * Memory: 
    +---------------+------------------+---------+---+----+-----+------+-----+------+-------------+
    |     Memory    |      Module      | BRAM_18K| FF| LUT| URAM| Words| Bits| Banks| W*Bits*Banks|
    +---------------+------------------+---------+---+----+-----+------+-----+------+-------------+
    |rows_length_U  |spmv_rows_length  |        1|  0|   0|    0|   256|   32|     1|         8192|
    +---------------+------------------+---------+---+----+-----+------+-----+------+-------------+
    |Total          |                  |        1|  0|   0|    0|   256|   32|     1|         8192|
    +---------------+------------------+---------+---+----+-----+------+-----+------+-------------+

    * FIFO: 
    N/A

    * Expression: 
    +-----------------------------------------+----------+-------+---+----+------------+------------+
    |              Variable Name              | Operation| DSP48E| FF| LUT| Bitwidth P0| Bitwidth P1|
    +-----------------------------------------+----------+-------+---+----+------------+------------+
    |add_ln55_fu_143_p2                       |     +    |      0|  0|  15|           8|           1|
    |add_ln58_fu_166_p2                       |     +    |      0|  0|  15|           9|           2|
    |i_fu_172_p2                              |     +    |      0|  0|  15|           9|           1|
    |sub_ln58_fu_187_p2                       |     -    |      0|  0|  39|          32|          32|
    |icmp_ln55_fu_154_p2                      |   icmp   |      0|  0|  11|           8|           2|
    |icmp_ln56_fu_160_p2                      |   icmp   |      0|  0|  13|           9|           9|
    |ap_sync_grp_spmv_kernel_fu_130_ap_done   |    or    |      0|  0|   2|           1|           1|
    |ap_sync_grp_spmv_kernel_fu_130_ap_ready  |    or    |      0|  0|   2|           1|           1|
    |ap_enable_pp0                            |    xor   |      0|  0|   2|           1|           2|
    |ap_enable_reg_pp0_iter1                  |    xor   |      0|  0|   2|           2|           1|
    +-----------------------------------------+----------+-------+---+----+------------+------------+
    |Total                                    |          |      0|  0| 116|          80|          52|
    +-----------------------------------------+----------+-------+---+----+------------+------------+

    * Multiplexer: 
    +------------------------------+----+-----------+-----+-----------+
    |             Name             | LUT| Input Size| Bits| Total Bits|
    +------------------------------+----+-----------+-----+-----------+
    |ap_NS_fsm                     |  33|          6|    1|          6|
    |ap_enable_reg_pp0_iter1       |   9|          2|    1|          2|
    |ap_enable_reg_pp0_iter4       |   9|          2|    1|          2|
    |ap_phi_mux_i_0_phi_fu_122_p4  |   9|          2|    9|         18|
    |i_0_reg_118                   |   9|          2|    9|         18|
    |phi_ln55_reg_107              |   9|          2|    8|         16|
    |rows_length_address0          |  21|          4|    8|         32|
    |rows_length_ce0               |  15|          3|    1|          3|
    |rows_length_d0                |  15|          3|   32|         96|
    +------------------------------+----+-----------+-----+-----------+
    |Total                         | 129|         26|   70|        193|
    +------------------------------+----+-----------+-----+-----------+

    * Register: 
    +---------------------------------------------+----+----+-----+-----------+
    |                     Name                    | FF | LUT| Bits| Const Bits|
    +---------------------------------------------+----+----+-----+-----------+
    |add_ln58_reg_204                             |   9|   0|    9|          0|
    |ap_CS_fsm                                    |   5|   0|    5|          0|
    |ap_enable_reg_pp0_iter0                      |   1|   0|    1|          0|
    |ap_enable_reg_pp0_iter1                      |   1|   0|    1|          0|
    |ap_enable_reg_pp0_iter2                      |   1|   0|    1|          0|
    |ap_enable_reg_pp0_iter3                      |   1|   0|    1|          0|
    |ap_enable_reg_pp0_iter4                      |   1|   0|    1|          0|
    |ap_sync_reg_grp_spmv_kernel_fu_130_ap_done   |   1|   0|    1|          0|
    |ap_sync_reg_grp_spmv_kernel_fu_130_ap_ready  |   1|   0|    1|          0|
    |grp_spmv_kernel_fu_130_ap_start_reg          |   1|   0|    1|          0|
    |i_0_reg_118                                  |   9|   0|    9|          0|
    |i_reg_209                                    |   9|   0|    9|          0|
    |icmp_ln56_reg_200                            |   1|   0|    1|          0|
    |phi_ln55_reg_107                             |   8|   0|    8|          0|
    |rowPtr_load_1_reg_234                        |  32|   0|   32|          0|
    |rowPtr_load_reg_229                          |  32|   0|   32|          0|
    |sub_ln58_reg_239                             |  32|   0|   32|          0|
    |zext_ln58_1_reg_219                          |   9|   0|   64|         55|
    |icmp_ln56_reg_200                            |  64|  32|    1|          0|
    |zext_ln58_1_reg_219                          |  64|  32|   64|         55|
    +---------------------------------------------+----+----+-----+-----------+
    |Total                                        | 282|  64|  274|        110|
    +---------------------------------------------+----+----+-----+-----------+



================================================================
== Interface
================================================================
* Summary: 
+-----------------+-----+-----+------------+--------------+--------------+
|    RTL Ports    | Dir | Bits|  Protocol  | Source Object|    C Type    |
+-----------------+-----+-----+------------+--------------+--------------+
|ap_clk           |  in |    1| ap_ctrl_hs |     spmv     | return value |
|ap_rst           |  in |    1| ap_ctrl_hs |     spmv     | return value |
|ap_start         |  in |    1| ap_ctrl_hs |     spmv     | return value |
|ap_done          | out |    1| ap_ctrl_hs |     spmv     | return value |
|ap_idle          | out |    1| ap_ctrl_hs |     spmv     | return value |
|ap_ready         | out |    1| ap_ctrl_hs |     spmv     | return value |
|rowPtr_address0  | out |    9|  ap_memory |    rowPtr    |     array    |
|rowPtr_ce0       | out |    1|  ap_memory |    rowPtr    |     array    |
|rowPtr_q0        |  in |   32|  ap_memory |    rowPtr    |     array    |
|rowPtr_address1  | out |    9|  ap_memory |    rowPtr    |     array    |
|rowPtr_ce1       | out |    1|  ap_memory |    rowPtr    |     array    |
|rowPtr_q1        |  in |   32|  ap_memory |    rowPtr    |     array    |
|cols_address0    | out |   12|  ap_memory |     cols     |     array    |
|cols_ce0         | out |    1|  ap_memory |     cols     |     array    |
|cols_q0          |  in |   32|  ap_memory |     cols     |     array    |
|values_address0  | out |   12|  ap_memory |    values    |     array    |
|values_ce0       | out |    1|  ap_memory |    values    |     array    |
|values_q0        |  in |   32|  ap_memory |    values    |     array    |
|y_address0       | out |    8|  ap_memory |       y      |     array    |
|y_ce0            | out |    1|  ap_memory |       y      |     array    |
|y_we0            | out |    1|  ap_memory |       y      |     array    |
|y_d0             | out |   32|  ap_memory |       y      |     array    |
|x_address0       | out |    8|  ap_memory |       x      |     array    |
|x_ce0            | out |    1|  ap_memory |       x      |     array    |
|x_q0             |  in |   32|  ap_memory |       x      |     array    |
+-----------------+-----+-----+------------+--------------+--------------+

